#-----------------------------------------------------------
# Vivado v2018.2 (64-bit)
# SW Build 2258646 on Thu Jun 14 20:03:12 MDT 2018
# IP Build 2256618 on Thu Jun 14 22:10:49 MDT 2018
# Start of session at: Thu Jun 16 19:45:29 2022
# Process ID: 93292
# Current directory: C:/Users/User/Desktop/Vivado/Lab6
# Command line: vivado.exe -gui_launcher_event rodinguilauncherevent145016 C:\Users\User\Desktop\Vivado\Lab6\Lab6.xpr
# Log file: C:/Users/User/Desktop/Vivado/Lab6/vivado.log
# Journal file: C:/Users/User/Desktop/Vivado/Lab6\vivado.jou
#-----------------------------------------------------------
start_gui
open_project C:/Users/User/Desktop/Vivado/Lab6/Lab6.xpr
launch_simulation
source AU_Sim.tcl
update_compile_order -fileset sources_1
current_wave_config {Untitled 1}
add_wave {{/AU_Sim/UUT/slow_clock}} 
current_wave_config {Untitled 1}
add_wave {{/AU_Sim/UUT/En_A}} 
current_wave_config {Untitled 1}
add_wave {{/AU_Sim/UUT/En_B}} 
current_wave_config {Untitled 1}
add_wave {{/AU_Sim/UUT/Q_A}} 
current_wave_config {Untitled 1}
add_wave {{/AU_Sim/UUT/Q_B}} 
current_wave_config {Untitled 1}
add_wave {{/AU_Sim/UUT/S_RCA}} 
close_sim
launch_simulation
source AU_Sim.tcl
current_wave_config {Untitled 2}
add_wave {{/AU_Sim/UUT/slow_clock}} 
current_wave_config {Untitled 2}
add_wave {{/AU_Sim/UUT/En_A}} 
current_wave_config {Untitled 2}
add_wave {{/AU_Sim/UUT/En_B}} 
current_wave_config {Untitled 2}
add_wave {{/AU_Sim/UUT/Q_A}} 
current_wave_config {Untitled 2}
add_wave {{/AU_Sim/UUT/Q_B}} 
current_wave_config {Untitled 2}
add_wave {{/AU_Sim/UUT/S_RCA}} 
save_wave_config {C:/Users/User/Desktop/Vivado/Lab6/AU_Sim_behav.wcfg}
add_files -fileset sim_1 -norecurse C:/Users/User/Desktop/Vivado/Lab6/AU_Sim_behav.wcfg
set_property xsim.view C:/Users/User/Desktop/Vivado/Lab6/AU_Sim_behav.wcfg [get_filesets sim_1]
close_sim
launch_simulation
open_wave_config C:/Users/User/Desktop/Vivado/Lab6/AU_Sim_behav.wcfg
source AU_Sim.tcl
close_sim
launch_simulation
open_wave_config C:/Users/User/Desktop/Vivado/Lab6/AU_Sim_behav.wcfg
source AU_Sim.tcl
close_sim
